../Core/Src/main.c:462:6:SystemClock_Config	4
../Core/Src/main.c:512:6:RTC_Set_Wakeup_Timer	2
../Core/Src/main.c:527:6:Enter_Stop_Mode	1
../Core/Src/main.c:559:6:HAL_RTCEx_WakeUpTimerEventCallback	1
../Core/Src/main.c:566:6:Delay_Start	1
../Core/Src/main.c:573:6:Delay_Elapsed	3
../Core/Src/main.c:675:6:Move_DCMotor	5
../Core/Src/main.c:714:9:Calibrate	6
../Core/Src/main.c:765:6:HAL_UART_RxCpltCallback	11
../Core/Src/main.c:822:6:Send_mqtt	1
../Core/Src/main.c:828:6:Send_Wait_Start	1
../Core/Src/main.c:836:6:Send_Wait_IsDone	3
../Core/Src/main.c:583:6:Check_NB_Connection	2
../Core/Src/main.c:601:6:Check_Subscribe	2
../Core/Src/main.c:622:6:Reset_NBModule	8
../Core/Src/main.c:152:5:main	58
../Core/Src/main.c:855:6:Error_Handler	1
