../Core/Src/main.c:462:6:SystemClock_Config	104	static,ignoring_inline_asm
../Core/Src/main.c:512:6:RTC_Set_Wakeup_Timer	16	static,ignoring_inline_asm
../Core/Src/main.c:527:6:Enter_Stop_Mode	8	static
../Core/Src/main.c:559:6:HAL_RTCEx_WakeUpTimerEventCallback	0	static
../Core/Src/main.c:566:6:Delay_Start	8	static
../Core/Src/main.c:573:6:Delay_Elapsed	8	static
../Core/Src/main.c:675:6:Move_DCMotor	16	static
../Core/Src/main.c:714:9:Calibrate	40	static
../Core/Src/main.c:765:6:HAL_UART_RxCpltCallback	24	static
../Core/Src/main.c:822:6:Send_mqtt	8	static
../Core/Src/main.c:828:6:Send_Wait_Start	8	static
../Core/Src/main.c:836:6:Send_Wait_IsDone	8	static
../Core/Src/main.c:583:6:Check_NB_Connection	24	static
../Core/Src/main.c:601:6:Check_Subscribe	24	static
../Core/Src/main.c:622:6:Reset_NBModule	8	static
../Core/Src/main.c:152:5:main	48	static,ignoring_inline_asm
../Core/Src/main.c:855:6:Error_Handler	0	static,ignoring_inline_asm
