../Core/Src/adc_pressure.c:15:6:ADC_Manual_Calibration	8	static
../Core/Src/adc_pressure.c:24:10:Read_ADC_Channel	32	static
../Core/Src/adc_pressure.c:48:7:Get_MCU_Voltage	24	static
../Core/Src/adc_pressure.c:61:7:Get_Battery_Voltage	24	static
../Core/Src/adc_pressure.c:76:7:Get_Current	32	static
../Core/Src/adc_pressure.c:103:7:Get_Average_Current	24	static
../Core/Src/adc_pressure.c:114:7:Get_Average_voltage	24	static
../Core/Src/adc_pressure.c:123:7:Get_Pressure_kPa	24	static
../Core/Src/adc_pressure.c:141:7:Get_Height_from_Pressure	16	static
