../Core/Src/main.c:157:5:main	34
../Core/Src/main.c:400:6:SystemClock_Config	4
../Core/Src/main.c:450:13:MQTT_Publish	3
../Core/Src/main.c:465:6:RTC_Set_Wakeup_Timer	2
../Core/Src/main.c:480:6:Enter_Stop_Mode	1
../Core/Src/main.c:512:6:HAL_RTCEx_WakeUpTimerEventCallback	1
../Core/Src/main.c:519:6:Delay_Start	1
../Core/Src/main.c:526:6:Delay_Elapsed	3
../Core/Src/main.c:536:6:Check_NB_Connection	2
../Core/Src/main.c:556:6:Check_Subscribe	2
../Core/Src/main.c:579:6:Reset_NBModule	8
../Core/Src/main.c:637:6:Move_DCMotor	5
../Core/Src/main.c:676:9:Calibrate	7
../Core/Src/main.c:727:6:HAL_UART_RxCpltCallback	12
../Core/Src/main.c:787:6:Send_mqtt	1
../Core/Src/main.c:793:6:Send_Wait_Start	1
../Core/Src/main.c:801:6:Send_Wait_IsDone	3
../Core/Src/main.c:820:6:Error_Handler	1
