../Core/Src/main.c:147:5:main	40	static,ignoring_inline_asm
../Core/Src/main.c:468:6:SystemClock_Config	112	static
../Core/Src/main.c:518:6:RTC_Set_Wakeup_Timer	16	static
../Core/Src/main.c:533:6:Enter_Stop_Mode	8	static
../Core/Src/main.c:563:6:HAL_RTCEx_WakeUpTimerEventCallback	16	static
../Core/Src/main.c:570:6:Delay_Start	16	static
../Core/Src/main.c:577:6:Delay_Elapsed	8	static
../Core/Src/main.c:587:6:Check_NB_Connection	8	static
../Core/Src/main.c:598:6:Reset_NBModule	8	static
../Core/Src/main.c:674:6:Move_DCMotor	16	static
../Core/Src/main.c:713:9:Calibrate	40	static
../Core/Src/main.c:764:6:HAL_UART_RxCpltCallback	40	static
../Core/Src/main.c:812:6:Send_mqtt	16	static
../Core/Src/main.c:818:6:Send_Wait_Start	16	static
../Core/Src/main.c:826:6:Send_Wait_IsDone	16	static
../Core/Src/main.c:845:6:Error_Handler	8	static,ignoring_inline_asm
