../Core/Src/main.c:142:5:main	36
../Core/Src/main.c:389:6:SystemClock_Config	4
../Core/Src/main.c:439:6:RTC_Set_Wakeup_Timer	2
../Core/Src/main.c:454:6:Enter_Stop_Mode	1
../Core/Src/main.c:484:6:HAL_RTCEx_WakeUpTimerEventCallback	1
../Core/Src/main.c:491:6:Delay_Start	1
../Core/Src/main.c:498:6:Delay_Elapsed	3
../Core/Src/main.c:508:6:Check_NB_Connection	5
../Core/Src/main.c:527:6:Reset_NBModule	12
../Core/Src/main.c:604:6:Move_DCMotor	5
../Core/Src/main.c:643:9:Calibrate	5
../Core/Src/main.c:686:6:HAL_UART_RxCpltCallback	7
../Core/Src/main.c:721:6:Send_mqtt	1
../Core/Src/main.c:727:6:Send_Wait_Start	1
../Core/Src/main.c:735:6:Send_Wait_IsDone	3
../Core/Src/main.c:754:6:Error_Handler	1
