../Drivers/STM32L0xx_HAL_Driver/Src/stm32l0xx_hal_uart_ex.c:148:19:HAL_RS485Ex_Init	24	static
../Drivers/STM32L0xx_HAL_Driver/Src/stm32l0xx_hal_uart_ex.c:251:13:HAL_UARTEx_WakeupCallback	0	static
../Drivers/STM32L0xx_HAL_Driver/Src/stm32l0xx_hal_uart_ex.c:331:19:HAL_UARTEx_EnableClockStopMode	8	static,ignoring_inline_asm
../Drivers/STM32L0xx_HAL_Driver/Src/stm32l0xx_hal_uart_ex.c:350:19:HAL_UARTEx_DisableClockStopMode	8	static,ignoring_inline_asm
../Drivers/STM32L0xx_HAL_Driver/Src/stm32l0xx_hal_uart_ex.c:377:19:HAL_MultiProcessorEx_AddressLength_Set	16	static
../Drivers/STM32L0xx_HAL_Driver/Src/stm32l0xx_hal_uart_ex.c:415:19:HAL_UARTEx_StopModeWakeUpSourceConfig	40	static
../Drivers/STM32L0xx_HAL_Driver/Src/stm32l0xx_hal_uart_ex.c:470:19:HAL_UARTEx_EnableStopMode	8	static,ignoring_inline_asm
../Drivers/STM32L0xx_HAL_Driver/Src/stm32l0xx_hal_uart_ex.c:489:19:HAL_UARTEx_DisableStopMode	8	static,ignoring_inline_asm
../Drivers/STM32L0xx_HAL_Driver/Src/stm32l0xx_hal_uart_ex.c:525:19:HAL_UARTEx_ReceiveToIdle	40	static
../Drivers/STM32L0xx_HAL_Driver/Src/stm32l0xx_hal_uart_ex.c:664:19:HAL_UARTEx_ReceiveToIdle_IT	16	static,ignoring_inline_asm
../Drivers/STM32L0xx_HAL_Driver/Src/stm32l0xx_hal_uart_ex.c:737:19:HAL_UARTEx_ReceiveToIdle_DMA	16	static,ignoring_inline_asm
../Drivers/STM32L0xx_HAL_Driver/Src/stm32l0xx_hal_uart_ex.c:814:29:HAL_UARTEx_GetRxEventType	0	static
